{"__type":"$$EventMessageAudit","id":"6a9e399b-9872-4723-ad5a-dbd65df011cc","ts":"2026-08-20T19:06:51.128-04:00","eventName":"n8n.audit.workflow.activated","message":"n8n.audit.workflow.activated","payload":{"workflowId":"EqvtobmMM9BLDZcC","workflowName":"WF4 — Préparation de la candidature","activeVersionId":"7ad978eb-f1ac-49b0-80df-43d8f90787ac","activationMode":"init"}}
{"__type":"$$EventMessageConfirm","confirm":"6a9e399b-9872-4723-ad5a-dbd65df011cc","ts":"2026-08-20T19:06:51.130-04:00","source":{"id":"0","name":"eventBus"}}
{"__type":"$$EventMessageAudit","id":"21c221b7-4cf1-4552-a3a5-2fc20b267c9c","ts":"2026-08-20T19:11:07.355-04:00","eventName":"n8n.audit.user.login.failed","message":"n8n.audit.user.login.failed","payload":{"authenticationMethod":"email","userEmail":"safaa.lakrad80@gmail.com","reason":"wrong credentials"}}
{"__type":"$$EventMessageConfirm","confirm":"21c221b7-4cf1-4552-a3a5-2fc20b267c9c","ts":"2026-08-20T19:11:07.357-04:00","source":{"id":"0","name":"eventBus"}}
{"__type":"$$EventMessageAudit","id":"02eec628-c209-4409-a142-46ceedcdbea9","ts":"2026-08-20T19:11:29.478-04:00","eventName":"n8n.audit.user.login.failed","message":"n8n.audit.user.login.failed","payload":{"authenticationMethod":"email","userEmail":"safaa.lakrad80@gmail.com","reason":"wrong credentials"}}
{"__type":"$$EventMessageConfirm","confirm":"02eec628-c209-4409-a142-46ceedcdbea9","ts":"2026-08-20T19:11:29.479-04:00","source":{"id":"0","name":"eventBus"}}
{"__type":"$$EventMessageAudit","id":"1c822a8d-535b-4995-bee2-4d387a23db05","ts":"2026-08-20T19:25:43.114-04:00","eventName":"n8n.audit.workflow.deactivated","message":"n8n.audit.workflow.deactivated","payload":{"userId":"a8486a94-e2c8-4bbc-83f9-e8469327ee38","_email":"safaa.lakrad80@gmail.com","_firstName":"safaa","_lastName":"lakrad","globalRole":"global:owner","workflowId":"EqvtobmMM9BLDZcC","workflowName":"WF4 — Préparation de la candidature","deactivatedVersionId":"7ad978eb-f1ac-49b0-80df-43d8f90787ac"}}
{"__type":"$$EventMessageConfirm","confirm":"1c822a8d-535b-4995-bee2-4d387a23db05","ts":"2026-08-20T19:25:43.116-04:00","source":{"id":"0","name":"eventBus"}}
{"__type":"$$EventMessageAudit","id":"2b40bb50-845e-4f6c-a062-c1620eea7132","ts":"2026-08-20T19:25:43.392-04:00","eventName":"n8n.audit.workflow.activated","message":"n8n.audit.workflow.activated","payload":{"userId":"a8486a94-e2c8-4bbc-83f9-e8469327ee38","_email":"safaa.lakrad80@gmail.com","_firstName":"safaa","_lastName":"lakrad","globalRole":"global:owner","workflowId":"EqvtobmMM9BLDZcC","workflowName":"WF4 — Préparation de la candidature","activeVersionId":"54b4fc6a-86dc-48d6-a975-fa6d018feb69"}}
{"__type":"$$EventMessageConfirm","confirm":"2b40bb50-845e-4f6c-a062-c1620eea7132","ts":"2026-08-20T19:25:43.392-04:00","source":{"id":"0","name":"eventBus"}}
{"__type":"$$EventMessageAudit","id":"b11bcb5f-095b-40a8-8a82-0a66f79446c5","ts":"2026-08-20T20:59:33.905-04:00","eventName":"n8n.audit.workflow.executed","message":"n8n.audit.workflow.executed","payload":{"workflowId":"EqvtobmMM9BLDZcC","workflowName":"WF4 — Préparation de la candidature","executionId":"344","projectId":"88qjWeHafShZmSAZ","projectName":"safaa lakrad <safaa.lakrad80@gmail.com>","source":"webhook"}}
{"__type":"$$EventMessageConfirm","confirm":"b11bcb5f-095b-40a8-8a82-0a66f79446c5","ts":"2026-08-20T20:59:33.908-04:00","source":{"id":"0","name":"eventBus"}}
{"__type":"$$EventMessageWorkflow","id":"25f48425-7458-4496-bf63-8d7c7d87b39c","ts":"2026-08-20T20:59:33.910-04:00","eventName":"n8n.workflow.started","message":"n8n.workflow.started","payload":{"executionId":"344","workflowId":"EqvtobmMM9BLDZcC","isManual":false,"mode":"manual","workflowName":"WF4 — Préparation de la candidature","projectId":"88qjWeHafShZmSAZ","projectName":"safaa lakrad <safaa.lakrad80@gmail.com>"}}
{"__type":"$$EventMessageConfirm","confirm":"25f48425-7458-4496-bf63-8d7c7d87b39c","ts":"2026-08-20T20:59:33.911-04:00","source":{"id":"0","name":"eventBus"}}
{"__type":"$$EventMessageNode","id":"eb4d8082-f738-46f3-8bf3-ccb05d291ded","ts":"2026-08-20T20:59:34.013-04:00","eventName":"n8n.node.started","message":"n8n.node.started","payload":{"workflowId":"EqvtobmMM9BLDZcC","workflowName":"WF4 — Préparation de la candidature","executionId":"344","nodeType":"n8n-nodes-base.webhook","nodeName":"Webhook","nodeId":"9ffc4a02-341a-4034-8c25-4a556d6802cc"}}
{"__type":"$$EventMessageConfirm","confirm":"eb4d8082-f738-46f3-8bf3-ccb05d291ded","ts":"2026-08-20T20:59:34.013-04:00","source":{"id":"0","name":"eventBus"}}
{"__type":"$$EventMessageNode","id":"fc5b5691-42fb-45e1-914e-bdc0b6a9ab46","ts":"2026-08-20T20:59:34.070-04:00","eventName":"n8n.node.finished","message":"n8n.node.finished","payload":{"workflowId":"EqvtobmMM9BLDZcC","workflowName":"WF4 — Préparation de la candidature","executionId":"344","nodeType":"n8n-nodes-base.webhook","nodeName":"Webhook","nodeId":"9ffc4a02-341a-4034-8c25-4a556d6802cc"}}
{"__type":"$$EventMessageConfirm","confirm":"fc5b5691-42fb-45e1-914e-bdc0b6a9ab46","ts":"2026-08-20T20:59:34.071-04:00","source":{"id":"0","name":"eventBus"}}
{"__type":"$$EventMessageNode","id":"dda08a44-3b93-404f-b39e-2fdb8333b596","ts":"2026-08-20T20:59:34.088-04:00","eventName":"n8n.node.started","message":"n8n.node.started","payload":{"workflowId":"EqvtobmMM9BLDZcC","workflowName":"WF4 — Préparation de la candidature","executionId":"344","nodeType":"n8n-nodes-base.supabase","nodeName":"Get Job Match","nodeId":"06ddea29-ac19-4fe0-ab45-13a0b8325d44"}}
{"__type":"$$EventMessageConfirm","confirm":"dda08a44-3b93-404f-b39e-2fdb8333b596","ts":"2026-08-20T20:59:34.089-04:00","source":{"id":"0","name":"eventBus"}}
{"__type":"$$EventMessageNode","id":"ad89dfc4-feea-42ad-b78b-c88e7765be5e","ts":"2026-08-20T20:59:34.817-04:00","eventName":"n8n.node.finished","message":"n8n.node.finished","payload":{"workflowId":"EqvtobmMM9BLDZcC","workflowName":"WF4 — Préparation de la candidature","executionId":"344","nodeType":"n8n-nodes-base.supabase","nodeName":"Get Job Match","nodeId":"06ddea29-ac19-4fe0-ab45-13a0b8325d44"}}
{"__type":"$$EventMessageConfirm","confirm":"ad89dfc4-feea-42ad-b78b-c88e7765be5e","ts":"2026-08-20T20:59:34.818-04:00","source":{"id":"0","name":"eventBus"}}
{"__type":"$$EventMessageNode","id":"2f94ccaa-fb1a-46a0-b29f-20a3146c6fe1","ts":"2026-08-20T20:59:34.828-04:00","eventName":"n8n.node.started","message":"n8n.node.started","payload":{"workflowId":"EqvtobmMM9BLDZcC","workflowName":"WF4 — Préparation de la candidature","executionId":"344","nodeType":"n8n-nodes-base.supabase","nodeName":"Get Job","nodeId":"ee4b19fa-6b05-4904-8cb4-2f9c60782d3e"}}
{"__type":"$$EventMessageConfirm","confirm":"2f94ccaa-fb1a-46a0-b29f-20a3146c6fe1","ts":"2026-08-20T20:59:34.829-04:00","source":{"id":"0","name":"eventBus"}}
{"__type":"$$EventMessageNode","id":"05ef15e3-cf9c-48ee-81a6-653e52323757","ts":"2026-08-20T20:59:35.215-04:00","eventName":"n8n.node.finished","message":"n8n.node.finished","payload":{"workflowId":"EqvtobmMM9BLDZcC","workflowName":"WF4 — Préparation de la candidature","executionId":"344","nodeType":"n8n-nodes-base.supabase","nodeName":"Get Job","nodeId":"ee4b19fa-6b05-4904-8cb4-2f9c60782d3e"}}
{"__type":"$$EventMessageConfirm","confirm":"05ef15e3-cf9c-48ee-81a6-653e52323757","ts":"2026-08-20T20:59:35.216-04:00","source":{"id":"0","name":"eventBus"}}
{"__type":"$$EventMessageNode","id":"210f0fb8-beeb-43a0-a4c6-9af4452b15be","ts":"2026-08-20T20:59:35.226-04:00","eventName":"n8n.node.started","message":"n8n.node.started","payload":{"workflowId":"EqvtobmMM9BLDZcC","workflowName":"WF4 — Préparation de la candidature","executionId":"344","nodeType":"n8n-nodes-base.supabase","nodeName":"Get Profile","nodeId":"b0f8b7c6-b794-4167-b6e7-7769f9c9e4b1"}}
{"__type":"$$EventMessageConfirm","confirm":"210f0fb8-beeb-43a0-a4c6-9af4452b15be","ts":"2026-08-20T20:59:35.226-04:00","source":{"id":"0","name":"eventBus"}}
{"__type":"$$EventMessageNode","id":"0a92eb79-3111-4c44-ace9-585fb65c94e8","ts":"2026-08-20T20:59:35.524-04:00","eventName":"n8n.node.finished","message":"n8n.node.finished","payload":{"workflowId":"EqvtobmMM9BLDZcC","workflowName":"WF4 — Préparation de la candidature","executionId":"344","nodeType":"n8n-nodes-base.supabase","nodeName":"Get Profile","nodeId":"b0f8b7c6-b794-4167-b6e7-7769f9c9e4b1"}}
{"__type":"$$EventMessageConfirm","confirm":"0a92eb79-3111-4c44-ace9-585fb65c94e8","ts":"2026-08-20T20:59:35.525-04:00","source":{"id":"0","name":"eventBus"}}
{"__type":"$$EventMessageNode","id":"2b8de09e-e525-4d54-9860-27cbb9b8b581","ts":"2026-08-20T20:59:35.528-04:00","eventName":"n8n.node.started","message":"n8n.node.started","payload":{"workflowId":"EqvtobmMM9BLDZcC","workflowName":"WF4 — Préparation de la candidature","executionId":"344","nodeType":"n8n-nodes-base.supabase","nodeName":"Get CV","nodeId":"72376666-f96a-4b50-a472-68581c037b41"}}
{"__type":"$$EventMessageConfirm","confirm":"2b8de09e-e525-4d54-9860-27cbb9b8b581","ts":"2026-08-20T20:59:35.529-04:00","source":{"id":"0","name":"eventBus"}}
{"__type":"$$EventMessageNode","id":"aa81ffe8-f879-4d19-afab-a7af070f0780","ts":"2026-08-20T20:59:35.858-04:00","eventName":"n8n.node.finished","message":"n8n.node.finished","payload":{"workflowId":"EqvtobmMM9BLDZcC","workflowName":"WF4 — Préparation de la candidature","executionId":"344","nodeType":"n8n-nodes-base.supabase","nodeName":"Get CV","nodeId":"72376666-f96a-4b50-a472-68581c037b41"}}
{"__type":"$$EventMessageConfirm","confirm":"aa81ffe8-f879-4d19-afab-a7af070f0780","ts":"2026-08-20T20:59:35.859-04:00","source":{"id":"0","name":"eventBus"}}
{"__type":"$$EventMessageNode","id":"a392b861-4ee6-454a-b572-b854abbe0b80","ts":"2026-08-20T20:59:35.861-04:00","eventName":"n8n.node.started","message":"n8n.node.started","payload":{"workflowId":"EqvtobmMM9BLDZcC","workflowName":"WF4 — Préparation de la candidature","executionId":"344","nodeType":"n8n-nodes-base.code","nodeName":"Prepare Application","nodeId":"50aa78e1-4ba0-4c66-8baa-9d5db544d504"}}
{"__type":"$$EventMessageConfirm","confirm":"a392b861-4ee6-454a-b572-b854abbe0b80","ts":"2026-08-20T20:59:35.861-04:00","source":{"id":"0","name":"eventBus"}}
{"__type":"$$EventMessageRunner","id":"a96c9fc4-5a0b-437e-962b-a53af32609b4","ts":"2026-08-20T20:59:35.978-04:00","eventName":"n8n.runner.task.requested","message":"n8n.runner.task.requested","payload":{"taskId":"6ZRvJmPw","nodeId":"50aa78e1-4ba0-4c66-8baa-9d5db544d504","workflowId":"EqvtobmMM9BLDZcC","executionId":"344"}}
{"__type":"$$EventMessageConfirm","confirm":"a96c9fc4-5a0b-437e-962b-a53af32609b4","ts":"2026-08-20T20:59:35.979-04:00","source":{"id":"0","name":"eventBus"}}
{"__type":"$$EventMessageRunner","id":"b7e4817d-ff21-4ecf-b898-303a2c0997cc","ts":"2026-08-20T20:59:37.312-04:00","eventName":"n8n.runner.response.received","message":"n8n.runner.response.received","payload":{"taskId":"6ZRvJmPw","nodeId":"50aa78e1-4ba0-4c66-8baa-9d5db544d504","workflowId":"EqvtobmMM9BLDZcC","executionId":"344"}}
{"__type":"$$EventMessageConfirm","confirm":"b7e4817d-ff21-4ecf-b898-303a2c0997cc","ts":"2026-08-20T20:59:37.312-04:00","source":{"id":"0","name":"eventBus"}}
{"__type":"$$EventMessageNode","id":"a8cc390c-c6be-448a-a627-5a080eb37b6e","ts":"2026-08-20T20:59:37.317-04:00","eventName":"n8n.node.finished","message":"n8n.node.finished","payload":{"workflowId":"EqvtobmMM9BLDZcC","workflowName":"WF4 — Préparation de la candidature","executionId":"344","nodeType":"n8n-nodes-base.code","nodeName":"Prepare Application","nodeId":"50aa78e1-4ba0-4c66-8baa-9d5db544d504"}}
{"__type":"$$EventMessageConfirm","confirm":"a8cc390c-c6be-448a-a627-5a080eb37b6e","ts":"2026-08-20T20:59:37.318-04:00","source":{"id":"0","name":"eventBus"}}
{"__type":"$$EventMessageNode","id":"069bd01b-05e4-4ea9-8358-bfabc90622f2","ts":"2026-08-20T20:59:37.320-04:00","eventName":"n8n.node.started","message":"n8n.node.started","payload":{"workflowId":"EqvtobmMM9BLDZcC","workflowName":"WF4 — Préparation de la candidature","executionId":"344","nodeType":"n8n-nodes-base.if","nodeName":"Validate Application","nodeId":"6d6bd120-ebbc-4c23-8c89-44164b23a03c"}}
{"__type":"$$EventMessageConfirm","confirm":"069bd01b-05e4-4ea9-8358-bfabc90622f2","ts":"2026-08-20T20:59:37.320-04:00","source":{"id":"0","name":"eventBus"}}
{"__type":"$$EventMessageNode","id":"81b51df7-71ce-4ffa-906f-b257ed07d623","ts":"2026-08-20T20:59:37.335-04:00","eventName":"n8n.node.finished","message":"n8n.node.finished","payload":{"workflowId":"EqvtobmMM9BLDZcC","workflowName":"WF4 — Préparation de la candidature","executionId":"344","nodeType":"n8n-nodes-base.if","nodeName":"Validate Application","nodeId":"6d6bd120-ebbc-4c23-8c89-44164b23a03c"}}
{"__type":"$$EventMessageConfirm","confirm":"81b51df7-71ce-4ffa-906f-b257ed07d623","ts":"2026-08-20T20:59:37.336-04:00","source":{"id":"0","name":"eventBus"}}
{"__type":"$$EventMessageNode","id":"d761e276-8614-4649-9e06-aa5ae12cafa6","ts":"2026-08-20T20:59:37.346-04:00","eventName":"n8n.node.started","message":"n8n.node.started","payload":{"workflowId":"EqvtobmMM9BLDZcC","workflowName":"WF4 — Préparation de la candidature","executionId":"344","nodeType":"n8n-nodes-base.supabase","nodeName":"Create Application","nodeId":"e080fdbf-d566-4e07-a01e-eb510782c973"}}
{"__type":"$$EventMessageConfirm","confirm":"d761e276-8614-4649-9e06-aa5ae12cafa6","ts":"2026-08-20T20:59:37.346-04:00","source":{"id":"0","name":"eventBus"}}
{"__type":"$$EventMessageNode","id":"b493c659-efa9-4db4-bb30-79d519c045da","ts":"2026-08-20T20:59:37.831-04:00","eventName":"n8n.node.finished","message":"n8n.node.finished","payload":{"workflowId":"EqvtobmMM9BLDZcC","workflowName":"WF4 — Préparation de la candidature","executionId":"344","nodeType":"n8n-nodes-base.supabase","nodeName":"Create Application","nodeId":"e080fdbf-d566-4e07-a01e-eb510782c973"}}
{"__type":"$$EventMessageConfirm","confirm":"b493c659-efa9-4db4-bb30-79d519c045da","ts":"2026-08-20T20:59:37.832-04:00","source":{"id":"0","name":"eventBus"}}
{"__type":"$$EventMessageNode","id":"49682559-fe6d-4419-915a-de4eca86260a","ts":"2026-08-20T20:59:37.847-04:00","eventName":"n8n.node.started","message":"n8n.node.started","payload":{"workflowId":"EqvtobmMM9BLDZcC","workflowName":"WF4 — Préparation de la candidature","executionId":"344","nodeType":"n8n-nodes-base.supabase","nodeName":"Update Status","nodeId":"1ffdc314-7690-4519-b8ed-4d8dd4d2a462"}}
{"__type":"$$EventMessageConfirm","confirm":"49682559-fe6d-4419-915a-de4eca86260a","ts":"2026-08-20T20:59:37.847-04:00","source":{"id":"0","name":"eventBus"}}
{"__type":"$$EventMessageNode","id":"162df64e-7224-424b-a0be-83590341a5ef","ts":"2026-08-20T20:59:38.155-04:00","eventName":"n8n.node.finished","message":"n8n.node.finished","payload":{"workflowId":"EqvtobmMM9BLDZcC","workflowName":"WF4 — Préparation de la candidature","executionId":"344","nodeType":"n8n-nodes-base.supabase","nodeName":"Update Status","nodeId":"1ffdc314-7690-4519-b8ed-4d8dd4d2a462"}}
{"__type":"$$EventMessageConfirm","confirm":"162df64e-7224-424b-a0be-83590341a5ef","ts":"2026-08-20T20:59:38.155-04:00","source":{"id":"0","name":"eventBus"}}
{"__type":"$$EventMessageWorkflow","id":"46d9b3e6-288f-4604-b13d-d2b23910275d","ts":"2026-08-20T20:59:38.191-04:00","eventName":"n8n.workflow.success","message":"n8n.workflow.success","payload":{"userId":"a8486a94-e2c8-4bbc-83f9-e8469327ee38","executionId":"344","success":true,"isManual":true,"mode":"manual","workflowId":"EqvtobmMM9BLDZcC","workflowName":"WF4 — Préparation de la candidature","projectId":"88qjWeHafShZmSAZ","projectName":"safaa lakrad <safaa.lakrad80@gmail.com>"}}
{"__type":"$$EventMessageConfirm","confirm":"46d9b3e6-288f-4604-b13d-d2b23910275d","ts":"2026-08-20T20:59:38.192-04:00","source":{"id":"0","name":"eventBus"}}
{"__type":"$$EventMessageAudit","id":"55eb8c96-30c2-47fe-8431-77cfecfa2808","ts":"2026-08-20T20:59:58.004-04:00","eventName":"n8n.audit.workflow.executed","message":"n8n.audit.workflow.executed","payload":{"workflowId":"EqvtobmMM9BLDZcC","workflowName":"WF4 — Préparation de la candidature","executionId":"345","projectId":"88qjWeHafShZmSAZ","projectName":"safaa lakrad <safaa.lakrad80@gmail.com>","source":"webhook"}}
{"__type":"$$EventMessageConfirm","confirm":"55eb8c96-30c2-47fe-8431-77cfecfa2808","ts":"2026-08-20T20:59:58.011-04:00","source":{"id":"0","name":"eventBus"}}
{"__type":"$$EventMessageWorkflow","id":"a9b3d177-a599-484f-bceb-69c323638a10","ts":"2026-08-20T20:59:58.011-04:00","eventName":"n8n.workflow.started","message":"n8n.workflow.started","payload":{"executionId":"345","workflowId":"EqvtobmMM9BLDZcC","isManual":false,"mode":"manual","workflowName":"WF4 — Préparation de la candidature","projectId":"88qjWeHafShZmSAZ","projectName":"safaa lakrad <safaa.lakrad80@gmail.com>"}}
{"__type":"$$EventMessageConfirm","confirm":"a9b3d177-a599-484f-bceb-69c323638a10","ts":"2026-08-20T20:59:58.012-04:00","source":{"id":"0","name":"eventBus"}}
{"__type":"$$EventMessageNode","id":"099a4c7f-6167-477a-8c6c-bf95e9b9f7ac","ts":"2026-08-20T20:59:58.176-04:00","eventName":"n8n.node.started","message":"n8n.node.started","payload":{"workflowId":"EqvtobmMM9BLDZcC","workflowName":"WF4 — Préparation de la candidature","executionId":"345","nodeType":"n8n-nodes-base.webhook","nodeName":"Webhook","nodeId":"9ffc4a02-341a-4034-8c25-4a556d6802cc"}}
{"__type":"$$EventMessageConfirm","confirm":"099a4c7f-6167-477a-8c6c-bf95e9b9f7ac","ts":"2026-08-20T20:59:58.177-04:00","source":{"id":"0","name":"eventBus"}}
{"__type":"$$EventMessageNode","id":"0ee64129-0d86-451f-b3b2-9a97b678bd67","ts":"2026-08-20T20:59:58.188-04:00","eventName":"n8n.node.finished","message":"n8n.node.finished","payload":{"workflowId":"EqvtobmMM9BLDZcC","workflowName":"WF4 — Préparation de la candidature","executionId":"345","nodeType":"n8n-nodes-base.webhook","nodeName":"Webhook","nodeId":"9ffc4a02-341a-4034-8c25-4a556d6802cc"}}
{"__type":"$$EventMessageConfirm","confirm":"0ee64129-0d86-451f-b3b2-9a97b678bd67","ts":"2026-08-20T20:59:58.188-04:00","source":{"id":"0","name":"eventBus"}}
{"__type":"$$EventMessageNode","id":"89233fde-0914-4490-803f-84f32613b8c1","ts":"2026-08-20T20:59:58.190-04:00","eventName":"n8n.node.started","message":"n8n.node.started","payload":{"workflowId":"EqvtobmMM9BLDZcC","workflowName":"WF4 — Préparation de la candidature","executionId":"345","nodeType":"n8n-nodes-base.supabase","nodeName":"Get Job Match","nodeId":"06ddea29-ac19-4fe0-ab45-13a0b8325d44"}}
{"__type":"$$EventMessageConfirm","confirm":"89233fde-0914-4490-803f-84f32613b8c1","ts":"2026-08-20T20:59:58.191-04:00","source":{"id":"0","name":"eventBus"}}
{"__type":"$$EventMessageNode","id":"1671b51b-0013-49c9-8884-e14da28c4b66","ts":"2026-08-20T20:59:58.476-04:00","eventName":"n8n.node.finished","message":"n8n.node.finished","payload":{"workflowId":"EqvtobmMM9BLDZcC","workflowName":"WF4 — Préparation de la candidature","executionId":"345","nodeType":"n8n-nodes-base.supabase","nodeName":"Get Job Match","nodeId":"06ddea29-ac19-4fe0-ab45-13a0b8325d44"}}
{"__type":"$$EventMessageConfirm","confirm":"1671b51b-0013-49c9-8884-e14da28c4b66","ts":"2026-08-20T20:59:58.476-04:00","source":{"id":"0","name":"eventBus"}}
{"__type":"$$EventMessageNode","id":"acded33f-2da3-4939-90ec-bc9c38520da3","ts":"2026-08-20T20:59:58.486-04:00","eventName":"n8n.node.started","message":"n8n.node.started","payload":{"workflowId":"EqvtobmMM9BLDZcC","workflowName":"WF4 — Préparation de la candidature","executionId":"345","nodeType":"n8n-nodes-base.supabase","nodeName":"Get Job","nodeId":"ee4b19fa-6b05-4904-8cb4-2f9c60782d3e"}}
{"__type":"$$EventMessageConfirm","confirm":"acded33f-2da3-4939-90ec-bc9c38520da3","ts":"2026-08-20T20:59:58.486-04:00","source":{"id":"0","name":"eventBus"}}
{"__type":"$$EventMessageNode","id":"3e45aa13-13a6-41d1-b258-da8e8169f260","ts":"2026-08-20T20:59:58.744-04:00","eventName":"n8n.node.finished","message":"n8n.node.finished","payload":{"workflowId":"EqvtobmMM9BLDZcC","workflowName":"WF4 — Préparation de la candidature","executionId":"345","nodeType":"n8n-nodes-base.supabase","nodeName":"Get Job","nodeId":"ee4b19fa-6b05-4904-8cb4-2f9c60782d3e"}}
{"__type":"$$EventMessageConfirm","confirm":"3e45aa13-13a6-41d1-b258-da8e8169f260","ts":"2026-08-20T20:59:58.745-04:00","source":{"id":"0","name":"eventBus"}}
{"__type":"$$EventMessageNode","id":"cad722d3-cf1b-4f1a-86c1-3214bc8501c8","ts":"2026-08-20T20:59:58.752-04:00","eventName":"n8n.node.started","message":"n8n.node.started","payload":{"workflowId":"EqvtobmMM9BLDZcC","workflowName":"WF4 — Préparation de la candidature","executionId":"345","nodeType":"n8n-nodes-base.supabase","nodeName":"Get Profile","nodeId":"b0f8b7c6-b794-4167-b6e7-7769f9c9e4b1"}}
{"__type":"$$EventMessageConfirm","confirm":"cad722d3-cf1b-4f1a-86c1-3214bc8501c8","ts":"2026-08-20T20:59:58.752-04:00","source":{"id":"0","name":"eventBus"}}
{"__type":"$$EventMessageNode","id":"378c4b8b-2e9b-48fd-8b09-7a2ccaa50b38","ts":"2026-08-20T20:59:59.046-04:00","eventName":"n8n.node.finished","message":"n8n.node.finished","payload":{"workflowId":"EqvtobmMM9BLDZcC","workflowName":"WF4 — Préparation de la candidature","executionId":"345","nodeType":"n8n-nodes-base.supabase","nodeName":"Get Profile","nodeId":"b0f8b7c6-b794-4167-b6e7-7769f9c9e4b1"}}
{"__type":"$$EventMessageConfirm","confirm":"378c4b8b-2e9b-48fd-8b09-7a2ccaa50b38","ts":"2026-08-20T20:59:59.048-04:00","source":{"id":"0","name":"eventBus"}}
{"__type":"$$EventMessageNode","id":"6eb2379a-9831-49c1-9378-cf56f102eb62","ts":"2026-08-20T20:59:59.054-04:00","eventName":"n8n.node.started","message":"n8n.node.started","payload":{"workflowId":"EqvtobmMM9BLDZcC","workflowName":"WF4 — Préparation de la candidature","executionId":"345","nodeType":"n8n-nodes-base.supabase","nodeName":"Get CV","nodeId":"72376666-f96a-4b50-a472-68581c037b41"}}
{"__type":"$$EventMessageConfirm","confirm":"6eb2379a-9831-49c1-9378-cf56f102eb62","ts":"2026-08-20T20:59:59.054-04:00","source":{"id":"0","name":"eventBus"}}
{"__type":"$$EventMessageNode","id":"102d9980-b3ce-4a12-8adb-20ccf2de60bb","ts":"2026-08-20T20:59:59.342-04:00","eventName":"n8n.node.finished","message":"n8n.node.finished","payload":{"workflowId":"EqvtobmMM9BLDZcC","workflowName":"WF4 — Préparation de la candidature","executionId":"345","nodeType":"n8n-nodes-base.supabase","nodeName":"Get CV","nodeId":"72376666-f96a-4b50-a472-68581c037b41"}}
{"__type":"$$EventMessageConfirm","confirm":"102d9980-b3ce-4a12-8adb-20ccf2de60bb","ts":"2026-08-20T20:59:59.343-04:00","source":{"id":"0","name":"eventBus"}}
{"__type":"$$EventMessageNode","id":"0e93a617-cdab-42c3-b357-991c85e5eb23","ts":"2026-08-20T20:59:59.354-04:00","eventName":"n8n.node.started","message":"n8n.node.started","payload":{"workflowId":"EqvtobmMM9BLDZcC","workflowName":"WF4 — Préparation de la candidature","executionId":"345","nodeType":"n8n-nodes-base.code","nodeName":"Prepare Application","nodeId":"50aa78e1-4ba0-4c66-8baa-9d5db544d504"}}
{"__type":"$$EventMessageConfirm","confirm":"0e93a617-cdab-42c3-b357-991c85e5eb23","ts":"2026-08-20T20:59:59.354-04:00","source":{"id":"0","name":"eventBus"}}
{"__type":"$$EventMessageRunner","id":"d5929b32-d6d2-4766-b84a-75890552e47f","ts":"2026-08-20T20:59:59.358-04:00","eventName":"n8n.runner.task.requested","message":"n8n.runner.task.requested","payload":{"taskId":"JztpJ0u4","nodeId":"50aa78e1-4ba0-4c66-8baa-9d5db544d504","workflowId":"EqvtobmMM9BLDZcC","executionId":"345"}}
{"__type":"$$EventMessageConfirm","confirm":"d5929b32-d6d2-4766-b84a-75890552e47f","ts":"2026-08-20T20:59:59.358-04:00","source":{"id":"0","name":"eventBus"}}
{"__type":"$$EventMessageRunner","id":"7f01eaf6-38c4-4c83-a71e-294fad4d8bb6","ts":"2026-08-20T20:59:59.418-04:00","eventName":"n8n.runner.response.received","message":"n8n.runner.response.received","payload":{"taskId":"JztpJ0u4","nodeId":"50aa78e1-4ba0-4c66-8baa-9d5db544d504","workflowId":"EqvtobmMM9BLDZcC","executionId":"345"}}
{"__type":"$$EventMessageConfirm","confirm":"7f01eaf6-38c4-4c83-a71e-294fad4d8bb6","ts":"2026-08-20T20:59:59.419-04:00","source":{"id":"0","name":"eventBus"}}
{"__type":"$$EventMessageNode","id":"a0976cfd-f52d-4508-8bd0-6f4dcda55dae","ts":"2026-08-20T20:59:59.419-04:00","eventName":"n8n.node.finished","message":"n8n.node.finished","payload":{"workflowId":"EqvtobmMM9BLDZcC","workflowName":"WF4 — Préparation de la candidature","executionId":"345","nodeType":"n8n-nodes-base.code","nodeName":"Prepare Application","nodeId":"50aa78e1-4ba0-4c66-8baa-9d5db544d504"}}
{"__type":"$$EventMessageConfirm","confirm":"a0976cfd-f52d-4508-8bd0-6f4dcda55dae","ts":"2026-08-20T20:59:59.420-04:00","source":{"id":"0","name":"eventBus"}}
{"__type":"$$EventMessageNode","id":"8b031c80-62a2-49ec-b720-f18976a4e260","ts":"2026-08-20T20:59:59.421-04:00","eventName":"n8n.node.started","message":"n8n.node.started","payload":{"workflowId":"EqvtobmMM9BLDZcC","workflowName":"WF4 — Préparation de la candidature","executionId":"345","nodeType":"n8n-nodes-base.if","nodeName":"Validate Application","nodeId":"6d6bd120-ebbc-4c23-8c89-44164b23a03c"}}
{"__type":"$$EventMessageConfirm","confirm":"8b031c80-62a2-49ec-b720-f18976a4e260","ts":"2026-08-20T20:59:59.421-04:00","source":{"id":"0","name":"eventBus"}}
{"__type":"$$EventMessageNode","id":"4e1e9906-52af-401c-bec8-e9ad1bbc7576","ts":"2026-08-20T20:59:59.424-04:00","eventName":"n8n.node.finished","message":"n8n.node.finished","payload":{"workflowId":"EqvtobmMM9BLDZcC","workflowName":"WF4 — Préparation de la candidature","executionId":"345","nodeType":"n8n-nodes-base.if","nodeName":"Validate Application","nodeId":"6d6bd120-ebbc-4c23-8c89-44164b23a03c"}}
{"__type":"$$EventMessageConfirm","confirm":"4e1e9906-52af-401c-bec8-e9ad1bbc7576","ts":"2026-08-20T20:59:59.424-04:00","source":{"id":"0","name":"eventBus"}}
{"__type":"$$EventMessageNode","id":"6e7ef6fb-f0ab-4eef-89a3-c88198baafc0","ts":"2026-08-20T20:59:59.435-04:00","eventName":"n8n.node.started","message":"n8n.node.started","payload":{"workflowId":"EqvtobmMM9BLDZcC","workflowName":"WF4 — Préparation de la candidature","executionId":"345","nodeType":"n8n-nodes-base.supabase","nodeName":"Create Application","nodeId":"e080fdbf-d566-4e07-a01e-eb510782c973"}}
{"__type":"$$EventMessageConfirm","confirm":"6e7ef6fb-f0ab-4eef-89a3-c88198baafc0","ts":"2026-08-20T20:59:59.436-04:00","source":{"id":"0","name":"eventBus"}}
{"__type":"$$EventMessageNode","id":"67c1052b-5893-4cc6-83b8-29b835599c0a","ts":"2026-08-20T20:59:59.712-04:00","eventName":"n8n.node.finished","message":"n8n.node.finished","payload":{"workflowId":"EqvtobmMM9BLDZcC","workflowName":"WF4 — Préparation de la candidature","executionId":"345","nodeType":"n8n-nodes-base.supabase","nodeName":"Create Application","nodeId":"e080fdbf-d566-4e07-a01e-eb510782c973"}}
{"__type":"$$EventMessageConfirm","confirm":"67c1052b-5893-4cc6-83b8-29b835599c0a","ts":"2026-08-20T20:59:59.712-04:00","source":{"id":"0","name":"eventBus"}}
{"__type":"$$EventMessageNode","id":"a31360b0-f88a-49c8-903f-f53e6a0648a9","ts":"2026-08-20T20:59:59.714-04:00","eventName":"n8n.node.started","message":"n8n.node.started","payload":{"workflowId":"EqvtobmMM9BLDZcC","workflowName":"WF4 — Préparation de la candidature","executionId":"345","nodeType":"n8n-nodes-base.supabase","nodeName":"Update Status","nodeId":"1ffdc314-7690-4519-b8ed-4d8dd4d2a462"}}
{"__type":"$$EventMessageConfirm","confirm":"a31360b0-f88a-49c8-903f-f53e6a0648a9","ts":"2026-08-20T20:59:59.715-04:00","source":{"id":"0","name":"eventBus"}}
{"__type":"$$EventMessageNode","id":"b59d706f-a55a-44e5-8e74-fcdfff640884","ts":"2026-08-20T20:59:59.985-04:00","eventName":"n8n.node.finished","message":"n8n.node.finished","payload":{"workflowId":"EqvtobmMM9BLDZcC","workflowName":"WF4 — Préparation de la candidature","executionId":"345","nodeType":"n8n-nodes-base.supabase","nodeName":"Update Status","nodeId":"1ffdc314-7690-4519-b8ed-4d8dd4d2a462"}}
{"__type":"$$EventMessageConfirm","confirm":"b59d706f-a55a-44e5-8e74-fcdfff640884","ts":"2026-08-20T20:59:59.986-04:00","source":{"id":"0","name":"eventBus"}}
{"__type":"$$EventMessageWorkflow","id":"89794281-6e5b-4e30-8617-602301dc781b","ts":"2026-08-20T20:59:59.994-04:00","eventName":"n8n.workflow.success","message":"n8n.workflow.success","payload":{"userId":"a8486a94-e2c8-4bbc-83f9-e8469327ee38","executionId":"345","success":true,"isManual":true,"mode":"manual","workflowId":"EqvtobmMM9BLDZcC","workflowName":"WF4 — Préparation de la candidature","projectId":"88qjWeHafShZmSAZ","projectName":"safaa lakrad <safaa.lakrad80@gmail.com>"}}
{"__type":"$$EventMessageConfirm","confirm":"89794281-6e5b-4e30-8617-602301dc781b","ts":"2026-08-20T20:59:59.994-04:00","source":{"id":"0","name":"eventBus"}}
{"__type":"$$EventMessageAudit","id":"5300cf17-159a-4b73-b72f-1e1514254823","ts":"2026-08-20T21:03:20.363-04:00","eventName":"n8n.audit.workflow.updated","message":"n8n.audit.workflow.updated","payload":{"userId":"a8486a94-e2c8-4bbc-83f9-e8469327ee38","_email":"safaa.lakrad80@gmail.com","_firstName":"safaa","_lastName":"lakrad","globalRole":"global:owner","workflowId":"EqvtobmMM9BLDZcC","workflowName":"WF4 — Préparation de la candidature"}}
{"__type":"$$EventMessageConfirm","confirm":"5300cf17-159a-4b73-b72f-1e1514254823","ts":"2026-08-20T21:03:20.366-04:00","source":{"id":"0","name":"eventBus"}}
{"__type":"$$EventMessageAudit","id":"2e0c8a46-e051-4a57-989f-94bc9c193d3f","ts":"2026-08-20T21:03:23.066-04:00","eventName":"n8n.audit.workflow.updated","message":"n8n.audit.workflow.updated","payload":{"userId":"a8486a94-e2c8-4bbc-83f9-e8469327ee38","_email":"safaa.lakrad80@gmail.com","_firstName":"safaa","_lastName":"lakrad","globalRole":"global:owner","workflowId":"EqvtobmMM9BLDZcC","workflowName":"WF4 — Préparation de la candidature"}}
{"__type":"$$EventMessageConfirm","confirm":"2e0c8a46-e051-4a57-989f-94bc9c193d3f","ts":"2026-08-20T21:03:23.066-04:00","source":{"id":"0","name":"eventBus"}}
{"__type":"$$EventMessageAudit","id":"235936b7-5675-47ec-8ec5-46f4031d7cdb","ts":"2026-08-20T21:03:27.486-04:00","eventName":"n8n.audit.workflow.deactivated","message":"n8n.audit.workflow.deactivated","payload":{"userId":"a8486a94-e2c8-4bbc-83f9-e8469327ee38","_email":"safaa.lakrad80@gmail.com","_firstName":"safaa","_lastName":"lakrad","globalRole":"global:owner","workflowId":"EqvtobmMM9BLDZcC","workflowName":"WF4 — Préparation de la candidature","deactivatedVersionId":"54b4fc6a-86dc-48d6-a975-fa6d018feb69"}}
{"__type":"$$EventMessageConfirm","confirm":"235936b7-5675-47ec-8ec5-46f4031d7cdb","ts":"2026-08-20T21:03:27.487-04:00","source":{"id":"0","name":"eventBus"}}
{"__type":"$$EventMessageAudit","id":"5aa0a4c4-2d99-4bcd-be46-344c06310cff","ts":"2026-08-20T21:03:27.716-04:00","eventName":"n8n.audit.workflow.activated","message":"n8n.audit.workflow.activated","payload":{"userId":"a8486a94-e2c8-4bbc-83f9-e8469327ee38","_email":"safaa.lakrad80@gmail.com","_firstName":"safaa","_lastName":"lakrad","globalRole":"global:owner","workflowId":"EqvtobmMM9BLDZcC","workflowName":"WF4 — Préparation de la candidature","activeVersionId":"353a5cf4-a9f2-4d7c-ad0c-335dfff79b95"}}
{"__type":"$$EventMessageConfirm","confirm":"5aa0a4c4-2d99-4bcd-be46-344c06310cff","ts":"2026-08-20T21:03:27.716-04:00","source":{"id":"0","name":"eventBus"}}
{"__type":"$$EventMessageAudit","id":"acfe46f1-3c01-4cf4-bf99-e2ccb989c66d","ts":"2026-08-20T21:06:40.072-04:00","eventName":"n8n.audit.workflow.executed","message":"n8n.audit.workflow.executed","payload":{"workflowId":"EqvtobmMM9BLDZcC","workflowName":"WF4 — Préparation de la candidature","executionId":"346","projectId":"88qjWeHafShZmSAZ","projectName":"safaa lakrad <safaa.lakrad80@gmail.com>","source":"webhook"}}
{"__type":"$$EventMessageConfirm","confirm":"acfe46f1-3c01-4cf4-bf99-e2ccb989c66d","ts":"2026-08-20T21:06:40.072-04:00","source":{"id":"0","name":"eventBus"}}
{"__type":"$$EventMessageWorkflow","id":"49e7757e-dcc6-4086-b432-c14b76c962a4","ts":"2026-08-20T21:06:40.073-04:00","eventName":"n8n.workflow.started","message":"n8n.workflow.started","payload":{"executionId":"346","workflowId":"EqvtobmMM9BLDZcC","isManual":false,"mode":"manual","workflowName":"WF4 — Préparation de la candidature","projectId":"88qjWeHafShZmSAZ","projectName":"safaa lakrad <safaa.lakrad80@gmail.com>"}}
{"__type":"$$EventMessageConfirm","confirm":"49e7757e-dcc6-4086-b432-c14b76c962a4","ts":"2026-08-20T21:06:40.073-04:00","source":{"id":"0","name":"eventBus"}}
{"__type":"$$EventMessageNode","id":"9bb0a5e1-63e3-4c37-974a-c98045bce9cc","ts":"2026-08-20T21:06:40.137-04:00","eventName":"n8n.node.started","message":"n8n.node.started","payload":{"workflowId":"EqvtobmMM9BLDZcC","workflowName":"WF4 — Préparation de la candidature","executionId":"346","nodeType":"n8n-nodes-base.webhook","nodeName":"Webhook","nodeId":"9ffc4a02-341a-4034-8c25-4a556d6802cc"}}
{"__type":"$$EventMessageConfirm","confirm":"9bb0a5e1-63e3-4c37-974a-c98045bce9cc","ts":"2026-08-20T21:06:40.137-04:00","source":{"id":"0","name":"eventBus"}}
{"__type":"$$EventMessageNode","id":"c11d2f0f-135c-4f38-9cff-0f6b538d81e4","ts":"2026-08-20T21:06:40.139-04:00","eventName":"n8n.node.finished","message":"n8n.node.finished","payload":{"workflowId":"EqvtobmMM9BLDZcC","workflowName":"WF4 — Préparation de la candidature","executionId":"346","nodeType":"n8n-nodes-base.webhook","nodeName":"Webhook","nodeId":"9ffc4a02-341a-4034-8c25-4a556d6802cc"}}
{"__type":"$$EventMessageConfirm","confirm":"c11d2f0f-135c-4f38-9cff-0f6b538d81e4","ts":"2026-08-20T21:06:40.139-04:00","source":{"id":"0","name":"eventBus"}}
{"__type":"$$EventMessageWorkflow","id":"447c824a-1b24-4acc-adcb-85aaa29cbb33","ts":"2026-08-20T21:06:40.183-04:00","eventName":"n8n.workflow.success","message":"n8n.workflow.success","payload":{"userId":"a8486a94-e2c8-4bbc-83f9-e8469327ee38","executionId":"346","success":true,"isManual":true,"mode":"manual","workflowId":"EqvtobmMM9BLDZcC","workflowName":"WF4 — Préparation de la candidature","projectId":"88qjWeHafShZmSAZ","projectName":"safaa lakrad <safaa.lakrad80@gmail.com>"}}
{"__type":"$$EventMessageConfirm","confirm":"447c824a-1b24-4acc-adcb-85aaa29cbb33","ts":"2026-08-20T21:06:40.183-04:00","source":{"id":"0","name":"eventBus"}}
{"__type":"$$EventMessageAudit","id":"206c26a4-aa13-4125-bf69-b5059d931d6f","ts":"2026-08-20T21:21:47.404-04:00","eventName":"n8n.audit.workflow.executed","message":"n8n.audit.workflow.executed","payload":{"workflowId":"EqvtobmMM9BLDZcC","workflowName":"WF4 — Préparation de la candidature","executionId":"347","projectId":"88qjWeHafShZmSAZ","projectName":"safaa lakrad <safaa.lakrad80@gmail.com>","source":"webhook"}}
{"__type":"$$EventMessageConfirm","confirm":"206c26a4-aa13-4125-bf69-b5059d931d6f","ts":"2026-08-20T21:21:47.407-04:00","source":{"id":"0","name":"eventBus"}}
{"__type":"$$EventMessageWorkflow","id":"605c1283-1937-4359-8f3b-226602f50f7f","ts":"2026-08-20T21:21:47.409-04:00","eventName":"n8n.workflow.started","message":"n8n.workflow.started","payload":{"executionId":"347","workflowId":"EqvtobmMM9BLDZcC","isManual":false,"mode":"webhook","workflowName":"WF4 — Préparation de la candidature","projectId":"88qjWeHafShZmSAZ","projectName":"safaa lakrad <safaa.lakrad80@gmail.com>"}}
{"__type":"$$EventMessageConfirm","confirm":"605c1283-1937-4359-8f3b-226602f50f7f","ts":"2026-08-20T21:21:47.409-04:00","source":{"id":"0","name":"eventBus"}}
{"__type":"$$EventMessageNode","id":"86831839-1926-4a1a-98f1-0c1552580056","ts":"2026-08-20T21:21:47.438-04:00","eventName":"n8n.node.started","message":"n8n.node.started","payload":{"workflowId":"EqvtobmMM9BLDZcC","workflowName":"WF4 — Préparation de la candidature","executionId":"347","nodeType":"n8n-nodes-base.webhook","nodeName":"Webhook","nodeId":"9ffc4a02-341a-4034-8c25-4a556d6802cc"}}
{"__type":"$$EventMessageConfirm","confirm":"86831839-1926-4a1a-98f1-0c1552580056","ts":"2026-08-20T21:21:47.439-04:00","source":{"id":"0","name":"eventBus"}}
{"__type":"$$EventMessageNode","id":"9ad79658-305a-46b5-a931-8af71106edb8","ts":"2026-08-20T21:21:47.459-04:00","eventName":"n8n.node.finished","message":"n8n.node.finished","payload":{"workflowId":"EqvtobmMM9BLDZcC","workflowName":"WF4 — Préparation de la candidature","executionId":"347","nodeType":"n8n-nodes-base.webhook","nodeName":"Webhook","nodeId":"9ffc4a02-341a-4034-8c25-4a556d6802cc"}}
{"__type":"$$EventMessageConfirm","confirm":"9ad79658-305a-46b5-a931-8af71106edb8","ts":"2026-08-20T21:21:47.459-04:00","source":{"id":"0","name":"eventBus"}}
{"__type":"$$EventMessageNode","id":"98960a53-23ee-48f8-a542-be174ee6d318","ts":"2026-08-20T21:21:47.463-04:00","eventName":"n8n.node.started","message":"n8n.node.started","payload":{"workflowId":"EqvtobmMM9BLDZcC","workflowName":"WF4 — Préparation de la candidature","executionId":"347","nodeType":"n8n-nodes-base.supabase","nodeName":"Get Job Match","nodeId":"06ddea29-ac19-4fe0-ab45-13a0b8325d44"}}
{"__type":"$$EventMessageConfirm","confirm":"98960a53-23ee-48f8-a542-be174ee6d318","ts":"2026-08-20T21:21:47.463-04:00","source":{"id":"0","name":"eventBus"}}
{"__type":"$$EventMessageNode","id":"b6fd873c-b581-4f84-87ff-14426c7dbd04","ts":"2026-08-20T21:21:48.293-04:00","eventName":"n8n.node.finished","message":"n8n.node.finished","payload":{"workflowId":"EqvtobmMM9BLDZcC","workflowName":"WF4 — Préparation de la candidature","executionId":"347","nodeType":"n8n-nodes-base.supabase","nodeName":"Get Job Match","nodeId":"06ddea29-ac19-4fe0-ab45-13a0b8325d44"}}
{"__type":"$$EventMessageConfirm","confirm":"b6fd873c-b581-4f84-87ff-14426c7dbd04","ts":"2026-08-20T21:21:48.294-04:00","source":{"id":"0","name":"eventBus"}}
{"__type":"$$EventMessageNode","id":"9e5d2195-905f-4dc6-b2a5-a356374547ed","ts":"2026-08-20T21:21:48.294-04:00","eventName":"n8n.node.started","message":"n8n.node.started","payload":{"workflowId":"EqvtobmMM9BLDZcC","workflowName":"WF4 — Préparation de la candidature","executionId":"347","nodeType":"n8n-nodes-base.supabase","nodeName":"Get Job","nodeId":"ee4b19fa-6b05-4904-8cb4-2f9c60782d3e"}}
{"__type":"$$EventMessageConfirm","confirm":"9e5d2195-905f-4dc6-b2a5-a356374547ed","ts":"2026-08-20T21:21:48.295-04:00","source":{"id":"0","name":"eventBus"}}
{"__type":"$$EventMessageNode","id":"bd3fb6b8-7433-4a6b-8620-bf9d317c65c8","ts":"2026-08-20T21:21:48.580-04:00","eventName":"n8n.node.finished","message":"n8n.node.finished","payload":{"workflowId":"EqvtobmMM9BLDZcC","workflowName":"WF4 — Préparation de la candidature","executionId":"347","nodeType":"n8n-nodes-base.supabase","nodeName":"Get Job","nodeId":"ee4b19fa-6b05-4904-8cb4-2f9c60782d3e"}}
{"__type":"$$EventMessageConfirm","confirm":"bd3fb6b8-7433-4a6b-8620-bf9d317c65c8","ts":"2026-08-20T21:21:48.581-04:00","source":{"id":"0","name":"eventBus"}}
{"__type":"$$EventMessageNode","id":"1b9f4be2-2a95-4eb3-81e2-1fc82baf7808","ts":"2026-08-20T21:21:48.581-04:00","eventName":"n8n.node.started","message":"n8n.node.started","payload":{"workflowId":"EqvtobmMM9BLDZcC","workflowName":"WF4 — Préparation de la candidature","executionId":"347","nodeType":"n8n-nodes-base.supabase","nodeName":"Get Profile","nodeId":"b0f8b7c6-b794-4167-b6e7-7769f9c9e4b1"}}
{"__type":"$$EventMessageConfirm","confirm":"1b9f4be2-2a95-4eb3-81e2-1fc82baf7808","ts":"2026-08-20T21:21:48.582-04:00","source":{"id":"0","name":"eventBus"}}
{"__type":"$$EventMessageNode","id":"4a400e74-34fa-4945-a162-1bea5cc05adc","ts":"2026-08-20T21:21:48.843-04:00","eventName":"n8n.node.finished","message":"n8n.node.finished","payload":{"workflowId":"EqvtobmMM9BLDZcC","workflowName":"WF4 — Préparation de la candidature","executionId":"347","nodeType":"n8n-nodes-base.supabase","nodeName":"Get Profile","nodeId":"b0f8b7c6-b794-4167-b6e7-7769f9c9e4b1"}}
{"__type":"$$EventMessageConfirm","confirm":"4a400e74-34fa-4945-a162-1bea5cc05adc","ts":"2026-08-20T21:21:48.843-04:00","source":{"id":"0","name":"eventBus"}}
{"__type":"$$EventMessageNode","id":"accab838-bf48-4910-b68e-1c7da1a9311b","ts":"2026-08-20T21:21:48.844-04:00","eventName":"n8n.node.started","message":"n8n.node.started","payload":{"workflowId":"EqvtobmMM9BLDZcC","workflowName":"WF4 — Préparation de la candidature","executionId":"347","nodeType":"n8n-nodes-base.supabase","nodeName":"Get CV","nodeId":"72376666-f96a-4b50-a472-68581c037b41"}}
{"__type":"$$EventMessageConfirm","confirm":"accab838-bf48-4910-b68e-1c7da1a9311b","ts":"2026-08-20T21:21:48.844-04:00","source":{"id":"0","name":"eventBus"}}
{"__type":"$$EventMessageNode","id":"4547780f-488e-4d89-9b5a-2c7060bca687","ts":"2026-08-20T21:21:49.110-04:00","eventName":"n8n.node.finished","message":"n8n.node.finished","payload":{"workflowId":"EqvtobmMM9BLDZcC","workflowName":"WF4 — Préparation de la candidature","executionId":"347","nodeType":"n8n-nodes-base.supabase","nodeName":"Get CV","nodeId":"72376666-f96a-4b50-a472-68581c037b41"}}
{"__type":"$$EventMessageConfirm","confirm":"4547780f-488e-4d89-9b5a-2c7060bca687","ts":"2026-08-20T21:21:49.110-04:00","source":{"id":"0","name":"eventBus"}}
{"__type":"$$EventMessageNode","id":"46558b76-452b-4b06-a640-91fc525389e4","ts":"2026-08-20T21:21:49.110-04:00","eventName":"n8n.node.started","message":"n8n.node.started","payload":{"workflowId":"EqvtobmMM9BLDZcC","workflowName":"WF4 — Préparation de la candidature","executionId":"347","nodeType":"n8n-nodes-base.code","nodeName":"Prepare Application","nodeId":"50aa78e1-4ba0-4c66-8baa-9d5db544d504"}}
{"__type":"$$EventMessageConfirm","confirm":"46558b76-452b-4b06-a640-91fc525389e4","ts":"2026-08-20T21:21:49.111-04:00","source":{"id":"0","name":"eventBus"}}
{"__type":"$$EventMessageRunner","id":"88d06bcd-8e31-44b9-a020-c75210204f04","ts":"2026-08-20T21:21:49.169-04:00","eventName":"n8n.runner.task.requested","message":"n8n.runner.task.requested","payload":{"taskId":"jek4v_A-","nodeId":"50aa78e1-4ba0-4c66-8baa-9d5db544d504","workflowId":"EqvtobmMM9BLDZcC","executionId":"347"}}
{"__type":"$$EventMessageConfirm","confirm":"88d06bcd-8e31-44b9-a020-c75210204f04","ts":"2026-08-20T21:21:49.170-04:00","source":{"id":"0","name":"eventBus"}}
{"__type":"$$EventMessageRunner","id":"2d0f2ef0-c7c8-42c8-a19c-6e31f09b5583","ts":"2026-08-20T21:21:49.360-04:00","eventName":"n8n.runner.response.received","message":"n8n.runner.response.received","payload":{"taskId":"jek4v_A-","nodeId":"50aa78e1-4ba0-4c66-8baa-9d5db544d504","workflowId":"EqvtobmMM9BLDZcC","executionId":"347"}}
{"__type":"$$EventMessageConfirm","confirm":"2d0f2ef0-c7c8-42c8-a19c-6e31f09b5583","ts":"2026-08-20T21:21:49.360-04:00","source":{"id":"0","name":"eventBus"}}
{"__type":"$$EventMessageNode","id":"66b2c4c0-fffe-4037-8d3e-126e0b0227aa","ts":"2026-08-20T21:21:49.363-04:00","eventName":"n8n.node.finished","message":"n8n.node.finished","payload":{"workflowId":"EqvtobmMM9BLDZcC","workflowName":"WF4 — Préparation de la candidature","executionId":"347","nodeType":"n8n-nodes-base.code","nodeName":"Prepare Application","nodeId":"50aa78e1-4ba0-4c66-8baa-9d5db544d504"}}
{"__type":"$$EventMessageConfirm","confirm":"66b2c4c0-fffe-4037-8d3e-126e0b0227aa","ts":"2026-08-20T21:21:49.363-04:00","source":{"id":"0","name":"eventBus"}}
{"__type":"$$EventMessageNode","id":"a32e1bb6-0eb1-43f8-af74-103bf0a8b997","ts":"2026-08-20T21:21:49.364-04:00","eventName":"n8n.node.started","message":"n8n.node.started","payload":{"workflowId":"EqvtobmMM9BLDZcC","workflowName":"WF4 — Préparation de la candidature","executionId":"347","nodeType":"n8n-nodes-base.if","nodeName":"Validate Application","nodeId":"6d6bd120-ebbc-4c23-8c89-44164b23a03c"}}
{"__type":"$$EventMessageConfirm","confirm":"a32e1bb6-0eb1-43f8-af74-103bf0a8b997","ts":"2026-08-20T21:21:49.364-04:00","source":{"id":"0","name":"eventBus"}}
{"__type":"$$EventMessageNode","id":"91f79f2f-8d4d-4aef-b039-b8cfed3d26ed","ts":"2026-08-20T21:21:49.368-04:00","eventName":"n8n.node.finished","message":"n8n.node.finished","payload":{"workflowId":"EqvtobmMM9BLDZcC","workflowName":"WF4 — Préparation de la candidature","executionId":"347","nodeType":"n8n-nodes-base.if","nodeName":"Validate Application","nodeId":"6d6bd120-ebbc-4c23-8c89-44164b23a03c"}}
{"__type":"$$EventMessageConfirm","confirm":"91f79f2f-8d4d-4aef-b039-b8cfed3d26ed","ts":"2026-08-20T21:21:49.368-04:00","source":{"id":"0","name":"eventBus"}}
{"__type":"$$EventMessageNode","id":"b86e2799-cdc1-43ca-b2a5-129aaf917037","ts":"2026-08-20T21:21:49.370-04:00","eventName":"n8n.node.started","message":"n8n.node.started","payload":{"workflowId":"EqvtobmMM9BLDZcC","workflowName":"WF4 — Préparation de la candidature","executionId":"347","nodeType":"n8n-nodes-base.supabase","nodeName":"Create Application","nodeId":"e080fdbf-d566-4e07-a01e-eb510782c973"}}
{"__type":"$$EventMessageConfirm","confirm":"b86e2799-cdc1-43ca-b2a5-129aaf917037","ts":"2026-08-20T21:21:49.370-04:00","source":{"id":"0","name":"eventBus"}}
{"__type":"$$EventMessageNode","id":"625fce0d-1311-48dc-bbb3-c8148abd1145","ts":"2026-08-20T21:21:49.657-04:00","eventName":"n8n.node.finished","message":"n8n.node.finished","payload":{"workflowId":"EqvtobmMM9BLDZcC","workflowName":"WF4 — Préparation de la candidature","executionId":"347","nodeType":"n8n-nodes-base.supabase","nodeName":"Create Application","nodeId":"e080fdbf-d566-4e07-a01e-eb510782c973"}}
{"__type":"$$EventMessageConfirm","confirm":"625fce0d-1311-48dc-bbb3-c8148abd1145","ts":"2026-08-20T21:21:49.657-04:00","source":{"id":"0","name":"eventBus"}}
{"__type":"$$EventMessageNode","id":"443b21cb-cb8c-47bb-bee0-f64a88a9863c","ts":"2026-08-20T21:21:49.659-04:00","eventName":"n8n.node.started","message":"n8n.node.started","payload":{"workflowId":"EqvtobmMM9BLDZcC","workflowName":"WF4 — Préparation de la candidature","executionId":"347","nodeType":"n8n-nodes-base.supabase","nodeName":"Update Status","nodeId":"1ffdc314-7690-4519-b8ed-4d8dd4d2a462"}}
{"__type":"$$EventMessageConfirm","confirm":"443b21cb-cb8c-47bb-bee0-f64a88a9863c","ts":"2026-08-20T21:21:49.659-04:00","source":{"id":"0","name":"eventBus"}}
{"__type":"$$EventMessageNode","id":"20f0ff19-c9dc-4184-b219-18b0b5eda83d","ts":"2026-08-20T21:21:50.242-04:00","eventName":"n8n.node.finished","message":"n8n.node.finished","payload":{"workflowId":"EqvtobmMM9BLDZcC","workflowName":"WF4 — Préparation de la candidature","executionId":"347","nodeType":"n8n-nodes-base.supabase","nodeName":"Update Status","nodeId":"1ffdc314-7690-4519-b8ed-4d8dd4d2a462"}}
{"__type":"$$EventMessageConfirm","confirm":"20f0ff19-c9dc-4184-b219-18b0b5eda83d","ts":"2026-08-20T21:21:50.244-04:00","source":{"id":"0","name":"eventBus"}}
{"__type":"$$EventMessageWorkflow","id":"70a0dff9-c611-4321-8e5c-ddaaf3ef5843","ts":"2026-08-20T21:21:50.267-04:00","eventName":"n8n.workflow.success","message":"n8n.workflow.success","payload":{"executionId":"347","success":true,"isManual":false,"mode":"webhook","workflowId":"EqvtobmMM9BLDZcC","workflowName":"WF4 — Préparation de la candidature","projectId":"88qjWeHafShZmSAZ","projectName":"safaa lakrad <safaa.lakrad80@gmail.com>"}}
{"__type":"$$EventMessageConfirm","confirm":"70a0dff9-c611-4321-8e5c-ddaaf3ef5843","ts":"2026-08-20T21:21:50.268-04:00","source":{"id":"0","name":"eventBus"}}
{"__type":"$$EventMessageAudit","id":"261d8575-23ce-47f5-8ae1-2dca0357fb64","ts":"2026-08-20T21:21:52.490-04:00","eventName":"n8n.audit.workflow.executed","message":"n8n.audit.workflow.executed","payload":{"workflowId":"EqvtobmMM9BLDZcC","workflowName":"WF4 — Préparation de la candidature","executionId":"348","projectId":"88qjWeHafShZmSAZ","projectName":"safaa lakrad <safaa.lakrad80@gmail.com>","source":"webhook"}}
{"__type":"$$EventMessageConfirm","confirm":"261d8575-23ce-47f5-8ae1-2dca0357fb64","ts":"2026-08-20T21:21:52.495-04:00","source":{"id":"0","name":"eventBus"}}
{"__type":"$$EventMessageWorkflow","id":"a077923f-2219-4802-acb1-36ccfe9f6376","ts":"2026-08-20T21:21:52.497-04:00","eventName":"n8n.workflow.started","message":"n8n.workflow.started","payload":{"executionId":"348","workflowId":"EqvtobmMM9BLDZcC","isManual":false,"mode":"webhook","workflowName":"WF4 — Préparation de la candidature","projectId":"88qjWeHafShZmSAZ","projectName":"safaa lakrad <safaa.lakrad80@gmail.com>"}}
{"__type":"$$EventMessageConfirm","confirm":"a077923f-2219-4802-acb1-36ccfe9f6376","ts":"2026-08-20T21:21:52.497-04:00","source":{"id":"0","name":"eventBus"}}
{"__type":"$$EventMessageNode","id":"619453c4-35db-413e-ba75-eb645e115796","ts":"2026-08-20T21:21:52.499-04:00","eventName":"n8n.node.started","message":"n8n.node.started","payload":{"workflowId":"EqvtobmMM9BLDZcC","workflowName":"WF4 — Préparation de la candidature","executionId":"348","nodeType":"n8n-nodes-base.webhook","nodeName":"Webhook","nodeId":"9ffc4a02-341a-4034-8c25-4a556d6802cc"}}
{"__type":"$$EventMessageConfirm","confirm":"619453c4-35db-413e-ba75-eb645e115796","ts":"2026-08-20T21:21:52.499-04:00","source":{"id":"0","name":"eventBus"}}
{"__type":"$$EventMessageNode","id":"79e598f4-6bfc-4888-85d7-0b0308b895f2","ts":"2026-08-20T21:21:52.499-04:00","eventName":"n8n.node.finished","message":"n8n.node.finished","payload":{"workflowId":"EqvtobmMM9BLDZcC","workflowName":"WF4 — Préparation de la candidature","executionId":"348","nodeType":"n8n-nodes-base.webhook","nodeName":"Webhook","nodeId":"9ffc4a02-341a-4034-8c25-4a556d6802cc"}}
{"__type":"$$EventMessageConfirm","confirm":"79e598f4-6bfc-4888-85d7-0b0308b895f2","ts":"2026-08-20T21:21:52.500-04:00","source":{"id":"0","name":"eventBus"}}
{"__type":"$$EventMessageNode","id":"3f7224f4-94af-4167-9d03-f0eb9454dbb7","ts":"2026-08-20T21:21:52.500-04:00","eventName":"n8n.node.started","message":"n8n.node.started","payload":{"workflowId":"EqvtobmMM9BLDZcC","workflowName":"WF4 — Préparation de la candidature","executionId":"348","nodeType":"n8n-nodes-base.supabase","nodeName":"Get Job Match","nodeId":"06ddea29-ac19-4fe0-ab45-13a0b8325d44"}}
{"__type":"$$EventMessageConfirm","confirm":"3f7224f4-94af-4167-9d03-f0eb9454dbb7","ts":"2026-08-20T21:21:52.500-04:00","source":{"id":"0","name":"eventBus"}}
{"__type":"$$EventMessageNode","id":"300fe2d6-9bc8-471e-824f-d4aa057b0afd","ts":"2026-08-20T21:21:52.838-04:00","eventName":"n8n.node.finished","message":"n8n.node.finished","payload":{"workflowId":"EqvtobmMM9BLDZcC","workflowName":"WF4 — Préparation de la candidature","executionId":"348","nodeType":"n8n-nodes-base.supabase","nodeName":"Get Job Match","nodeId":"06ddea29-ac19-4fe0-ab45-13a0b8325d44"}}
{"__type":"$$EventMessageConfirm","confirm":"300fe2d6-9bc8-471e-824f-d4aa057b0afd","ts":"2026-08-20T21:21:52.838-04:00","source":{"id":"0","name":"eventBus"}}
{"__type":"$$EventMessageNode","id":"da635747-6b98-41ad-943e-b0ac2f67aa51","ts":"2026-08-20T21:21:52.838-04:00","eventName":"n8n.node.started","message":"n8n.node.started","payload":{"workflowId":"EqvtobmMM9BLDZcC","workflowName":"WF4 — Préparation de la candidature","executionId":"348","nodeType":"n8n-nodes-base.supabase","nodeName":"Get Job","nodeId":"ee4b19fa-6b05-4904-8cb4-2f9c60782d3e"}}
{"__type":"$$EventMessageConfirm","confirm":"da635747-6b98-41ad-943e-b0ac2f67aa51","ts":"2026-08-20T21:21:52.839-04:00","source":{"id":"0","name":"eventBus"}}
{"__type":"$$EventMessageNode","id":"64d81efc-189f-4e61-86b4-65bb4586ae3f","ts":"2026-08-20T21:21:53.205-04:00","eventName":"n8n.node.finished","message":"n8n.node.finished","payload":{"workflowId":"EqvtobmMM9BLDZcC","workflowName":"WF4 — Préparation de la candidature","executionId":"348","nodeType":"n8n-nodes-base.supabase","nodeName":"Get Job","nodeId":"ee4b19fa-6b05-4904-8cb4-2f9c60782d3e"}}
{"__type":"$$EventMessageConfirm","confirm":"64d81efc-189f-4e61-86b4-65bb4586ae3f","ts":"2026-08-20T21:21:53.206-04:00","source":{"id":"0","name":"eventBus"}}
{"__type":"$$EventMessageNode","id":"8f7283cd-72b2-40b7-8dfe-bd617fa860f9","ts":"2026-08-20T21:21:53.206-04:00","eventName":"n8n.node.started","message":"n8n.node.started","payload":{"workflowId":"EqvtobmMM9BLDZcC","workflowName":"WF4 — Préparation de la candidature","executionId":"348","nodeType":"n8n-nodes-base.supabase","nodeName":"Get Profile","nodeId":"b0f8b7c6-b794-4167-b6e7-7769f9c9e4b1"}}
{"__type":"$$EventMessageConfirm","confirm":"8f7283cd-72b2-40b7-8dfe-bd617fa860f9","ts":"2026-08-20T21:21:53.207-04:00","source":{"id":"0","name":"eventBus"}}
{"__type":"$$EventMessageNode","id":"ce57e932-c838-4c33-85f6-bea850ffa496","ts":"2026-08-20T21:21:53.464-04:00","eventName":"n8n.node.finished","message":"n8n.node.finished","payload":{"workflowId":"EqvtobmMM9BLDZcC","workflowName":"WF4 — Préparation de la candidature","executionId":"348","nodeType":"n8n-nodes-base.supabase","nodeName":"Get Profile","nodeId":"b0f8b7c6-b794-4167-b6e7-7769f9c9e4b1"}}
{"__type":"$$EventMessageConfirm","confirm":"ce57e932-c838-4c33-85f6-bea850ffa496","ts":"2026-08-20T21:21:53.464-04:00","source":{"id":"0","name":"eventBus"}}
{"__type":"$$EventMessageNode","id":"80cf7f99-13cd-41fd-aaea-1ab2fa9ff8f2","ts":"2026-08-20T21:21:53.465-04:00","eventName":"n8n.node.started","message":"n8n.node.started","payload":{"workflowId":"EqvtobmMM9BLDZcC","workflowName":"WF4 — Préparation de la candidature","executionId":"348","nodeType":"n8n-nodes-base.supabase","nodeName":"Get CV","nodeId":"72376666-f96a-4b50-a472-68581c037b41"}}
{"__type":"$$EventMessageConfirm","confirm":"80cf7f99-13cd-41fd-aaea-1ab2fa9ff8f2","ts":"2026-08-20T21:21:53.465-04:00","source":{"id":"0","name":"eventBus"}}
{"__type":"$$EventMessageNode","id":"837270c3-d53e-41fc-a3a1-1ce8d7d0c6a6","ts":"2026-08-20T21:21:53.699-04:00","eventName":"n8n.node.finished","message":"n8n.node.finished","payload":{"workflowId":"EqvtobmMM9BLDZcC","workflowName":"WF4 — Préparation de la candidature","executionId":"348","nodeType":"n8n-nodes-base.supabase","nodeName":"Get CV","nodeId":"72376666-f96a-4b50-a472-68581c037b41"}}
{"__type":"$$EventMessageConfirm","confirm":"837270c3-d53e-41fc-a3a1-1ce8d7d0c6a6","ts":"2026-08-20T21:21:53.699-04:00","source":{"id":"0","name":"eventBus"}}
{"__type":"$$EventMessageNode","id":"99860335-0d30-4a03-a3e1-0076d4a00a43","ts":"2026-08-20T21:21:53.700-04:00","eventName":"n8n.node.started","message":"n8n.node.started","payload":{"workflowId":"EqvtobmMM9BLDZcC","workflowName":"WF4 — Préparation de la candidature","executionId":"348","nodeType":"n8n-nodes-base.code","nodeName":"Prepare Application","nodeId":"50aa78e1-4ba0-4c66-8baa-9d5db544d504"}}
{"__type":"$$EventMessageConfirm","confirm":"99860335-0d30-4a03-a3e1-0076d4a00a43","ts":"2026-08-20T21:21:53.700-04:00","source":{"id":"0","name":"eventBus"}}
{"__type":"$$EventMessageRunner","id":"0040adcd-2e07-4a33-badf-222e147dbd1f","ts":"2026-08-20T21:21:53.704-04:00","eventName":"n8n.runner.task.requested","message":"n8n.runner.task.requested","payload":{"taskId":"ZYK2De7k","nodeId":"50aa78e1-4ba0-4c66-8baa-9d5db544d504","workflowId":"EqvtobmMM9BLDZcC","executionId":"348"}}
{"__type":"$$EventMessageConfirm","confirm":"0040adcd-2e07-4a33-badf-222e147dbd1f","ts":"2026-08-20T21:21:53.705-04:00","source":{"id":"0","name":"eventBus"}}
{"__type":"$$EventMessageRunner","id":"70375a89-40a7-4192-9fc6-d7cb17c781a4","ts":"2026-08-20T21:21:53.729-04:00","eventName":"n8n.runner.response.received","message":"n8n.runner.response.received","payload":{"taskId":"ZYK2De7k","nodeId":"50aa78e1-4ba0-4c66-8baa-9d5db544d504","workflowId":"EqvtobmMM9BLDZcC","executionId":"348"}}
{"__type":"$$EventMessageConfirm","confirm":"70375a89-40a7-4192-9fc6-d7cb17c781a4","ts":"2026-08-20T21:21:53.729-04:00","source":{"id":"0","name":"eventBus"}}
{"__type":"$$EventMessageNode","id":"51ac0512-29e6-4380-a677-1a412b74f2ae","ts":"2026-08-20T21:21:53.729-04:00","eventName":"n8n.node.finished","message":"n8n.node.finished","payload":{"workflowId":"EqvtobmMM9BLDZcC","workflowName":"WF4 — Préparation de la candidature","executionId":"348","nodeType":"n8n-nodes-base.code","nodeName":"Prepare Application","nodeId":"50aa78e1-4ba0-4c66-8baa-9d5db544d504"}}
{"__type":"$$EventMessageConfirm","confirm":"51ac0512-29e6-4380-a677-1a412b74f2ae","ts":"2026-08-20T21:21:53.730-04:00","source":{"id":"0","name":"eventBus"}}
{"__type":"$$EventMessageNode","id":"3198a478-f9d7-4393-8aee-df99d2a190bb","ts":"2026-08-20T21:21:53.730-04:00","eventName":"n8n.node.started","message":"n8n.node.started","payload":{"workflowId":"EqvtobmMM9BLDZcC","workflowName":"WF4 — Préparation de la candidature","executionId":"348","nodeType":"n8n-nodes-base.if","nodeName":"Validate Application","nodeId":"6d6bd120-ebbc-4c23-8c89-44164b23a03c"}}
{"__type":"$$EventMessageConfirm","confirm":"3198a478-f9d7-4393-8aee-df99d2a190bb","ts":"2026-08-20T21:21:53.730-04:00","source":{"id":"0","name":"eventBus"}}
{"__type":"$$EventMessageNode","id":"d58fdae8-244e-4f69-896d-7800749345a6","ts":"2026-08-20T21:21:53.732-04:00","eventName":"n8n.node.finished","message":"n8n.node.finished","payload":{"workflowId":"EqvtobmMM9BLDZcC","workflowName":"WF4 — Préparation de la candidature","executionId":"348","nodeType":"n8n-nodes-base.if","nodeName":"Validate Application","nodeId":"6d6bd120-ebbc-4c23-8c89-44164b23a03c"}}
{"__type":"$$EventMessageConfirm","confirm":"d58fdae8-244e-4f69-896d-7800749345a6","ts":"2026-08-20T21:21:53.732-04:00","source":{"id":"0","name":"eventBus"}}
{"__type":"$$EventMessageNode","id":"2c2a52ab-4bd8-44d4-9fb1-0745305381c9","ts":"2026-08-20T21:21:53.732-04:00","eventName":"n8n.node.started","message":"n8n.node.started","payload":{"workflowId":"EqvtobmMM9BLDZcC","workflowName":"WF4 — Préparation de la candidature","executionId":"348","nodeType":"n8n-nodes-base.supabase","nodeName":"Create Application","nodeId":"e080fdbf-d566-4e07-a01e-eb510782c973"}}
{"__type":"$$EventMessageConfirm","confirm":"2c2a52ab-4bd8-44d4-9fb1-0745305381c9","ts":"2026-08-20T21:21:53.732-04:00","source":{"id":"0","name":"eventBus"}}
{"__type":"$$EventMessageNode","id":"a2f01adc-fc70-4ad1-a1e3-726d2ef95033","ts":"2026-08-20T21:21:53.980-04:00","eventName":"n8n.node.finished","message":"n8n.node.finished","payload":{"workflowId":"EqvtobmMM9BLDZcC","workflowName":"WF4 — Préparation de la candidature","executionId":"348","nodeType":"n8n-nodes-base.supabase","nodeName":"Create Application","nodeId":"e080fdbf-d566-4e07-a01e-eb510782c973"}}
{"__type":"$$EventMessageConfirm","confirm":"a2f01adc-fc70-4ad1-a1e3-726d2ef95033","ts":"2026-08-20T21:21:53.980-04:00","source":{"id":"0","name":"eventBus"}}
{"__type":"$$EventMessageNode","id":"ef3f3c01-9668-4612-b091-d561617f881c","ts":"2026-08-20T21:21:53.981-04:00","eventName":"n8n.node.started","message":"n8n.node.started","payload":{"workflowId":"EqvtobmMM9BLDZcC","workflowName":"WF4 — Préparation de la candidature","executionId":"348","nodeType":"n8n-nodes-base.supabase","nodeName":"Update Status","nodeId":"1ffdc314-7690-4519-b8ed-4d8dd4d2a462"}}
{"__type":"$$EventMessageConfirm","confirm":"ef3f3c01-9668-4612-b091-d561617f881c","ts":"2026-08-20T21:21:53.981-04:00","source":{"id":"0","name":"eventBus"}}
{"__type":"$$EventMessageNode","id":"7da9e6a0-de8c-49e1-9c4a-3003a997f1cb","ts":"2026-08-20T21:21:54.229-04:00","eventName":"n8n.node.finished","message":"n8n.node.finished","payload":{"workflowId":"EqvtobmMM9BLDZcC","workflowName":"WF4 — Préparation de la candidature","executionId":"348","nodeType":"n8n-nodes-base.supabase","nodeName":"Update Status","nodeId":"1ffdc314-7690-4519-b8ed-4d8dd4d2a462"}}
{"__type":"$$EventMessageConfirm","confirm":"7da9e6a0-de8c-49e1-9c4a-3003a997f1cb","ts":"2026-08-20T21:21:54.229-04:00","source":{"id":"0","name":"eventBus"}}
{"__type":"$$EventMessageWorkflow","id":"078fcc52-243a-4875-aff3-7ef4b7350fa1","ts":"2026-08-20T21:21:54.230-04:00","eventName":"n8n.workflow.success","message":"n8n.workflow.success","payload":{"executionId":"348","success":true,"isManual":false,"mode":"webhook","workflowId":"EqvtobmMM9BLDZcC","workflowName":"WF4 — Préparation de la candidature","projectId":"88qjWeHafShZmSAZ","projectName":"safaa lakrad <safaa.lakrad80@gmail.com>"}}
{"__type":"$$EventMessageConfirm","confirm":"078fcc52-243a-4875-aff3-7ef4b7350fa1","ts":"2026-08-20T21:21:54.230-04:00","source":{"id":"0","name":"eventBus"}}
{"__type":"$$EventMessageAudit","id":"b16a90f1-8ab1-43f4-ad8c-abacdd2ab92b","ts":"2026-08-21T06:24:09.629-04:00","eventName":"n8n.audit.workflow.executed","message":"n8n.audit.workflow.executed","payload":{"workflowId":"EqvtobmMM9BLDZcC","workflowName":"WF4 — Préparation de la candidature","executionId":"349","projectId":"88qjWeHafShZmSAZ","projectName":"safaa lakrad <safaa.lakrad80@gmail.com>","source":"webhook"}}
{"__type":"$$EventMessageConfirm","confirm":"b16a90f1-8ab1-43f4-ad8c-abacdd2ab92b","ts":"2026-08-21T06:24:09.632-04:00","source":{"id":"0","name":"eventBus"}}
{"__type":"$$EventMessageWorkflow","id":"db6a7a1e-1ee7-4e7b-bba7-be924e3a9f76","ts":"2026-08-21T06:24:09.634-04:00","eventName":"n8n.workflow.started","message":"n8n.workflow.started","payload":{"executionId":"349","workflowId":"EqvtobmMM9BLDZcC","isManual":false,"mode":"webhook","workflowName":"WF4 — Préparation de la candidature","projectId":"88qjWeHafShZmSAZ","projectName":"safaa lakrad <safaa.lakrad80@gmail.com>"}}
{"__type":"$$EventMessageConfirm","confirm":"db6a7a1e-1ee7-4e7b-bba7-be924e3a9f76","ts":"2026-08-21T06:24:09.634-04:00","source":{"id":"0","name":"eventBus"}}
{"__type":"$$EventMessageNode","id":"e91119f7-ddb0-436c-b23f-bca69c3162ad","ts":"2026-08-21T06:24:09.638-04:00","eventName":"n8n.node.started","message":"n8n.node.started","payload":{"workflowId":"EqvtobmMM9BLDZcC","workflowName":"WF4 — Préparation de la candidature","executionId":"349","nodeType":"n8n-nodes-base.webhook","nodeName":"Webhook","nodeId":"9ffc4a02-341a-4034-8c25-4a556d6802cc"}}
{"__type":"$$EventMessageConfirm","confirm":"e91119f7-ddb0-436c-b23f-bca69c3162ad","ts":"2026-08-21T06:24:09.638-04:00","source":{"id":"0","name":"eventBus"}}
{"__type":"$$EventMessageNode","id":"03ed9aee-01e4-414b-acb5-86e3deb52fad","ts":"2026-08-21T06:24:09.641-04:00","eventName":"n8n.node.finished","message":"n8n.node.finished","payload":{"workflowId":"EqvtobmMM9BLDZcC","workflowName":"WF4 — Préparation de la candidature","executionId":"349","nodeType":"n8n-nodes-base.webhook","nodeName":"Webhook","nodeId":"9ffc4a02-341a-4034-8c25-4a556d6802cc"}}
{"__type":"$$EventMessageConfirm","confirm":"03ed9aee-01e4-414b-acb5-86e3deb52fad","ts":"2026-08-21T06:24:09.641-04:00","source":{"id":"0","name":"eventBus"}}
{"__type":"$$EventMessageNode","id":"528f353e-9d6e-450e-aeec-34def135f576","ts":"2026-08-21T06:24:09.642-04:00","eventName":"n8n.node.started","message":"n8n.node.started","payload":{"workflowId":"EqvtobmMM9BLDZcC","workflowName":"WF4 — Préparation de la candidature","executionId":"349","nodeType":"n8n-nodes-base.supabase","nodeName":"Get Job Match","nodeId":"06ddea29-ac19-4fe0-ab45-13a0b8325d44"}}
{"__type":"$$EventMessageConfirm","confirm":"528f353e-9d6e-450e-aeec-34def135f576","ts":"2026-08-21T06:24:09.644-04:00","source":{"id":"0","name":"eventBus"}}
{"__type":"$$EventMessageNode","id":"71330cce-9e57-4973-b56d-4afcfdfd9694","ts":"2026-08-21T06:24:10.552-04:00","eventName":"n8n.node.finished","message":"n8n.node.finished","payload":{"workflowId":"EqvtobmMM9BLDZcC","workflowName":"WF4 — Préparation de la candidature","executionId":"349","nodeType":"n8n-nodes-base.supabase","nodeName":"Get Job Match","nodeId":"06ddea29-ac19-4fe0-ab45-13a0b8325d44"}}
{"__type":"$$EventMessageConfirm","confirm":"71330cce-9e57-4973-b56d-4afcfdfd9694","ts":"2026-08-21T06:24:10.552-04:00","source":{"id":"0","name":"eventBus"}}
{"__type":"$$EventMessageNode","id":"eea685e1-1a1d-41f4-9d50-2e43cf857ce2","ts":"2026-08-21T06:24:10.552-04:00","eventName":"n8n.node.started","message":"n8n.node.started","payload":{"workflowId":"EqvtobmMM9BLDZcC","workflowName":"WF4 — Préparation de la candidature","executionId":"349","nodeType":"n8n-nodes-base.supabase","nodeName":"Get Job","nodeId":"ee4b19fa-6b05-4904-8cb4-2f9c60782d3e"}}
{"__type":"$$EventMessageConfirm","confirm":"eea685e1-1a1d-41f4-9d50-2e43cf857ce2","ts":"2026-08-21T06:24:10.553-04:00","source":{"id":"0","name":"eventBus"}}
{"__type":"$$EventMessageNode","id":"3d21c758-5738-4b84-a238-e406eb1320db","ts":"2026-08-21T06:24:10.860-04:00","eventName":"n8n.node.finished","message":"n8n.node.finished","payload":{"workflowId":"EqvtobmMM9BLDZcC","workflowName":"WF4 — Préparation de la candidature","executionId":"349","nodeType":"n8n-nodes-base.supabase","nodeName":"Get Job","nodeId":"ee4b19fa-6b05-4904-8cb4-2f9c60782d3e"}}
{"__type":"$$EventMessageConfirm","confirm":"3d21c758-5738-4b84-a238-e406eb1320db","ts":"2026-08-21T06:24:10.861-04:00","source":{"id":"0","name":"eventBus"}}
{"__type":"$$EventMessageNode","id":"ff94ae28-bc32-4102-8c96-7cb777ac68fe","ts":"2026-08-21T06:24:10.862-04:00","eventName":"n8n.node.started","message":"n8n.node.started","payload":{"workflowId":"EqvtobmMM9BLDZcC","workflowName":"WF4 — Préparation de la candidature","executionId":"349","nodeType":"n8n-nodes-base.supabase","nodeName":"Get Profile","nodeId":"b0f8b7c6-b794-4167-b6e7-7769f9c9e4b1"}}
{"__type":"$$EventMessageConfirm","confirm":"ff94ae28-bc32-4102-8c96-7cb777ac68fe","ts":"2026-08-21T06:24:10.862-04:00","source":{"id":"0","name":"eventBus"}}
{"__type":"$$EventMessageNode","id":"227beb74-82f8-4c63-aea7-9c6c186cdd84","ts":"2026-08-21T06:24:11.137-04:00","eventName":"n8n.node.finished","message":"n8n.node.finished","payload":{"workflowId":"EqvtobmMM9BLDZcC","workflowName":"WF4 — Préparation de la candidature","executionId":"349","nodeType":"n8n-nodes-base.supabase","nodeName":"Get Profile","nodeId":"b0f8b7c6-b794-4167-b6e7-7769f9c9e4b1"}}
{"__type":"$$EventMessageConfirm","confirm":"227beb74-82f8-4c63-aea7-9c6c186cdd84","ts":"2026-08-21T06:24:11.138-04:00","source":{"id":"0","name":"eventBus"}}
{"__type":"$$EventMessageNode","id":"24bce59f-e97c-4bbe-96e9-c3ad81ecd7c1","ts":"2026-08-21T06:24:11.138-04:00","eventName":"n8n.node.started","message":"n8n.node.started","payload":{"workflowId":"EqvtobmMM9BLDZcC","workflowName":"WF4 — Préparation de la candidature","executionId":"349","nodeType":"n8n-nodes-base.supabase","nodeName":"Get CV","nodeId":"72376666-f96a-4b50-a472-68581c037b41"}}
{"__type":"$$EventMessageConfirm","confirm":"24bce59f-e97c-4bbe-96e9-c3ad81ecd7c1","ts":"2026-08-21T06:24:11.139-04:00","source":{"id":"0","name":"eventBus"}}
{"__type":"$$EventMessageNode","id":"09512880-202a-4eaf-b5d4-5f964f20e92b","ts":"2026-08-21T06:24:11.443-04:00","eventName":"n8n.node.finished","message":"n8n.node.finished","payload":{"workflowId":"EqvtobmMM9BLDZcC","workflowName":"WF4 — Préparation de la candidature","executionId":"349","nodeType":"n8n-nodes-base.supabase","nodeName":"Get CV","nodeId":"72376666-f96a-4b50-a472-68581c037b41"}}
{"__type":"$$EventMessageConfirm","confirm":"09512880-202a-4eaf-b5d4-5f964f20e92b","ts":"2026-08-21T06:24:11.444-04:00","source":{"id":"0","name":"eventBus"}}
{"__type":"$$EventMessageNode","id":"42b00065-02d8-4405-8db0-4ffc02b5ad04","ts":"2026-08-21T06:24:11.444-04:00","eventName":"n8n.node.started","message":"n8n.node.started","payload":{"workflowId":"EqvtobmMM9BLDZcC","workflowName":"WF4 — Préparation de la candidature","executionId":"349","nodeType":"n8n-nodes-base.code","nodeName":"Prepare Application","nodeId":"50aa78e1-4ba0-4c66-8baa-9d5db544d504"}}
{"__type":"$$EventMessageConfirm","confirm":"42b00065-02d8-4405-8db0-4ffc02b5ad04","ts":"2026-08-21T06:24:11.444-04:00","source":{"id":"0","name":"eventBus"}}
{"__type":"$$EventMessageRunner","id":"6a1ee277-866a-4d28-a60e-6bed72501d65","ts":"2026-08-21T06:24:11.532-04:00","eventName":"n8n.runner.task.requested","message":"n8n.runner.task.requested","payload":{"taskId":"QRJ4eS8h","nodeId":"50aa78e1-4ba0-4c66-8baa-9d5db544d504","workflowId":"EqvtobmMM9BLDZcC","executionId":"349"}}
{"__type":"$$EventMessageConfirm","confirm":"6a1ee277-866a-4d28-a60e-6bed72501d65","ts":"2026-08-21T06:24:11.533-04:00","source":{"id":"0","name":"eventBus"}}
{"__type":"$$EventMessageRunner","id":"f3cec98d-8d60-4bf0-9c3d-8fdac52fcf7f","ts":"2026-08-21T06:24:11.811-04:00","eventName":"n8n.runner.response.received","message":"n8n.runner.response.received","payload":{"taskId":"QRJ4eS8h","nodeId":"50aa78e1-4ba0-4c66-8baa-9d5db544d504","workflowId":"EqvtobmMM9BLDZcC","executionId":"349"}}
{"__type":"$$EventMessageConfirm","confirm":"f3cec98d-8d60-4bf0-9c3d-8fdac52fcf7f","ts":"2026-08-21T06:24:11.811-04:00","source":{"id":"0","name":"eventBus"}}
{"__type":"$$EventMessageNode","id":"418b7d7b-1224-4d69-9894-366cff012bde","ts":"2026-08-21T06:24:11.814-04:00","eventName":"n8n.node.finished","message":"n8n.node.finished","payload":{"workflowId":"EqvtobmMM9BLDZcC","workflowName":"WF4 — Préparation de la candidature","executionId":"349","nodeType":"n8n-nodes-base.code","nodeName":"Prepare Application","nodeId":"50aa78e1-4ba0-4c66-8baa-9d5db544d504"}}
{"__type":"$$EventMessageConfirm","confirm":"418b7d7b-1224-4d69-9894-366cff012bde","ts":"2026-08-21T06:24:11.815-04:00","source":{"id":"0","name":"eventBus"}}
{"__type":"$$EventMessageNode","id":"015516da-5828-431a-891a-4de9e6c1a575","ts":"2026-08-21T06:24:11.815-04:00","eventName":"n8n.node.started","message":"n8n.node.started","payload":{"workflowId":"EqvtobmMM9BLDZcC","workflowName":"WF4 — Préparation de la candidature","executionId":"349","nodeType":"n8n-nodes-base.if","nodeName":"Validate Application","nodeId":"6d6bd120-ebbc-4c23-8c89-44164b23a03c"}}
{"__type":"$$EventMessageConfirm","confirm":"015516da-5828-431a-891a-4de9e6c1a575","ts":"2026-08-21T06:24:11.815-04:00","source":{"id":"0","name":"eventBus"}}
{"__type":"$$EventMessageNode","id":"dad512b6-d1dd-4ba6-b476-66097982914b","ts":"2026-08-21T06:24:11.829-04:00","eventName":"n8n.node.finished","message":"n8n.node.finished","payload":{"workflowId":"EqvtobmMM9BLDZcC","workflowName":"WF4 — Préparation de la candidature","executionId":"349","nodeType":"n8n-nodes-base.if","nodeName":"Validate Application","nodeId":"6d6bd120-ebbc-4c23-8c89-44164b23a03c"}}
{"__type":"$$EventMessageConfirm","confirm":"dad512b6-d1dd-4ba6-b476-66097982914b","ts":"2026-08-21T06:24:11.830-04:00","source":{"id":"0","name":"eventBus"}}
{"__type":"$$EventMessageNode","id":"6d306f76-f215-439a-ad10-6e76440b2a40","ts":"2026-08-21T06:24:11.830-04:00","eventName":"n8n.node.started","message":"n8n.node.started","payload":{"workflowId":"EqvtobmMM9BLDZcC","workflowName":"WF4 — Préparation de la candidature","executionId":"349","nodeType":"n8n-nodes-base.supabase","nodeName":"Create Application","nodeId":"e080fdbf-d566-4e07-a01e-eb510782c973"}}
{"__type":"$$EventMessageConfirm","confirm":"6d306f76-f215-439a-ad10-6e76440b2a40","ts":"2026-08-21T06:24:11.831-04:00","source":{"id":"0","name":"eventBus"}}
{"__type":"$$EventMessageNode","id":"d950f3bb-5b6f-4686-acb5-7ea2978cfc81","ts":"2026-08-21T06:24:12.122-04:00","eventName":"n8n.node.finished","message":"n8n.node.finished","payload":{"workflowId":"EqvtobmMM9BLDZcC","workflowName":"WF4 — Préparation de la candidature","executionId":"349","nodeType":"n8n-nodes-base.supabase","nodeName":"Create Application","nodeId":"e080fdbf-d566-4e07-a01e-eb510782c973"}}
{"__type":"$$EventMessageConfirm","confirm":"d950f3bb-5b6f-4686-acb5-7ea2978cfc81","ts":"2026-08-21T06:24:12.122-04:00","source":{"id":"0","name":"eventBus"}}
{"__type":"$$EventMessageNode","id":"591bb3ae-4171-4395-9328-f2a00b636291","ts":"2026-08-21T06:24:12.122-04:00","eventName":"n8n.node.started","message":"n8n.node.started","payload":{"workflowId":"EqvtobmMM9BLDZcC","workflowName":"WF4 — Préparation de la candidature","executionId":"349","nodeType":"n8n-nodes-base.supabase","nodeName":"Update Status","nodeId":"1ffdc314-7690-4519-b8ed-4d8dd4d2a462"}}
{"__type":"$$EventMessageConfirm","confirm":"591bb3ae-4171-4395-9328-f2a00b636291","ts":"2026-08-21T06:24:12.122-04:00","source":{"id":"0","name":"eventBus"}}
{"__type":"$$EventMessageNode","id":"20ba5d81-1a97-4889-a02a-0a47db8d9f22","ts":"2026-08-21T06:24:12.730-04:00","eventName":"n8n.node.finished","message":"n8n.node.finished","payload":{"workflowId":"EqvtobmMM9BLDZcC","workflowName":"WF4 — Préparation de la candidature","executionId":"349","nodeType":"n8n-nodes-base.supabase","nodeName":"Update Status","nodeId":"1ffdc314-7690-4519-b8ed-4d8dd4d2a462"}}
{"__type":"$$EventMessageConfirm","confirm":"20ba5d81-1a97-4889-a02a-0a47db8d9f22","ts":"2026-08-21T06:24:12.731-04:00","source":{"id":"0","name":"eventBus"}}
{"__type":"$$EventMessageWorkflow","id":"b491fbac-e4c6-48c3-8282-b5787d3224cc","ts":"2026-08-21T06:24:12.770-04:00","eventName":"n8n.workflow.success","message":"n8n.workflow.success","payload":{"executionId":"349","success":true,"isManual":false,"mode":"webhook","workflowId":"EqvtobmMM9BLDZcC","workflowName":"WF4 — Préparation de la candidature","projectId":"88qjWeHafShZmSAZ","projectName":"safaa lakrad <safaa.lakrad80@gmail.com>"}}
{"__type":"$$EventMessageConfirm","confirm":"b491fbac-e4c6-48c3-8282-b5787d3224cc","ts":"2026-08-21T06:24:12.770-04:00","source":{"id":"0","name":"eventBus"}}
